// Jest Snapshot v1, https://goo.gl/fbAQLP

exports[`Login Login page is rendered 1`] = `
<div>
  <div
    class="css-8knhyx-Flex"
  >
    <div
      class="css-y375rh-Flex"
    >
      <div
        class="css-1u9w373-Box"
      >
        <img
          alt=" logo"
          class="css-5gqyw6-Box"
          height="auto"
          src="/ningi-logo.webp"
          width="120px"
        />
      </div>
    </div>
    <div
      class="css-dbe0qi-Flex"
    >
      <div
        class="css-a7260y-Box"
      />
      <div
        class="css-1b7kq5x-Flex"
        id="loginForm"
      >
        <div
          class="css-1hdjx17-Box"
        >
          <p
            class="css-tn4b9j-Paragraph"
          >
            Ai Adviser
          </p>
          <p
            class="css-11k7r0v-Paragraph"
          >
            Email address
          </p>
          <input
            class="css-ha8d5x-Input"
            data-testid="email"
            id="email"
            name="email"
            placeholder="Enter your email address"
            type="email"
            value=""
          />
        </div>
        <button
          class="css-150ojll-Button"
        >
          Send magic link
        </button>
        <div
          class="css-1hdjx17-Box"
        >
          <p
            class="css-c7i7i0-Paragraph"
          >
            Magic links are a form of passwordless login. This means you can log in to your account by clicking on the link emailed to you.
          </p>
        </div>
      </div>
    </div>
  </div>
</div>
`;
